// Jest Snapshot v1, https://goo.gl/fbAQLP

exports[`TopNavbar Component shows the avatar image 1`] = `Promise {}`;
